Unauthorized: /api/domains/
WARNING 2026-08-03 22:30:24,127 log Unauthorized: /api/domains/
Unauthorized: /api/workspace/
WARNING 2026-08-03 22:30:24,127 log Unauthorized: /api/workspace/
[03/Aug/2026 22:30:24] "GET /api/domains/ HTTP/1.1" 401 377
[03/Aug/2026 22:30:24] "GET /api/workspace/ HTTP/1.1" 401 377
Unauthorized: /api/auth/refresh/
WARNING 2026-08-03 22:30:24,251 log Unauthorized: /api/auth/refresh/
[03/Aug/2026 22:30:24] "POST /api/auth/refresh/ HTTP/1.1" 401 103
[03/Aug/2026 22:30:58] "POST /api/auth/login/ HTTP/1.1" 200 489
[03/Aug/2026 22:30:59] "GET /api/auth/me/ HTTP/1.1" 200 61
[03/Aug/2026 22:30:59] "GET /api/workspace/ HTTP/1.1" 200 240
[03/Aug/2026 22:31:00] "GET /api/domains/ HTTP/1.1" 200 52
[03/Aug/2026 22:31:00] "GET /api/dashboard/stats/ HTTP/1.1" 200 231
[03/Aug/2026 22:31:00] "GET /api/dashboard/traffic/?range=7d HTTP/1.1" 200 2
[03/Aug/2026 22:31:00] "GET /api/dashboard/activity/ HTTP/1.1" 200 2
[03/Aug/2026 22:31:08] "POST /api/domains/ HTTP/1.1" 201 344
[03/Aug/2026 22:31:08] "GET /api/domains/ HTTP/1.1" 200 396
[03/Aug/2026 22:31:38] "GET /api/dashboard/traffic/?range=7d HTTP/1.1" 200 2
[03/Aug/2026 22:31:38] "GET /api/dashboard/activity/ HTTP/1.1" 200 2
[03/Aug/2026 22:31:38] "GET /api/dashboard/stats/ HTTP/1.1" 200 231
[03/Aug/2026 22:31:39] "POST /api/auth/register/ HTTP/1.1" 201 57
[03/Aug/2026 22:31:43] "POST /api/auth/login/ HTTP/1.1" 200 489
[03/Aug/2026 22:31:44] "POST /api/domains/ HTTP/1.1" 201 355
[03/Aug/2026 22:31:48] "GET /api/domains/ HTTP/1.1" 200 396
[03/Aug/2026 22:32:20] "OPTIONS /api/domains/89e33de0-cb51-4aab-989b-d9472efd19fb/ HTTP/1.1" 200 0
[03/Aug/2026 22:32:20] "DELETE /api/domains/89e33de0-cb51-4aab-989b-d9472efd19fb/ HTTP/1.1" 204 0
[03/Aug/2026 22:32:21] "GET /api/domains/ HTTP/1.1" 200 52
[03/Aug/2026 22:32:26] "GET /api/dashboard/activity/ HTTP/1.1" 200 2
[03/Aug/2026 22:32:26] "GET /api/dashboard/traffic/?range=7d HTTP/1.1" 200 2
[03/Aug/2026 22:32:26] "GET /api/dashboard/stats/ HTTP/1.1" 200 231
[03/Aug/2026 22:33:08] "GET /api/workspace/ HTTP/1.1" 200 240
[03/Aug/2026 22:33:08] "GET /api/auth/me/ HTTP/1.1" 200 61
[03/Aug/2026 22:33:08] "GET /api/dashboard/traffic/?range=7d HTTP/1.1" 200 2
[03/Aug/2026 22:33:08] "GET /api/dashboard/activity/ HTTP/1.1" 200 2
[03/Aug/2026 22:33:08] "GET /api/dashboard/stats/ HTTP/1.1" 200 231
[03/Aug/2026 22:33:09] "GET /api/domains/ HTTP/1.1" 200 52
[03/Aug/2026 23:19:53] "POST /api/auth/login/ HTTP/1.1" 200 489
[03/Aug/2026 23:19:54] "GET /api/workspace/ HTTP/1.1" 200 240
[03/Aug/2026 23:19:54] "GET /api/auth/me/ HTTP/1.1" 200 61
[03/Aug/2026 23:19:56] "GET /api/dashboard/stats/ HTTP/1.1" 200 231
[03/Aug/2026 23:19:56] "GET /api/dashboard/traffic/?range=7d HTTP/1.1" 200 2
[03/Aug/2026 23:19:56] "GET /api/dashboard/activity/ HTTP/1.1" 200 2
[03/Aug/2026 23:19:56] "GET /api/domains/ HTTP/1.1" 200 52
[03/Aug/2026 23:20:13] "GET /api/auth/me/ HTTP/1.1" 200 61
[03/Aug/2026 23:20:13] "GET /api/workspace/ HTTP/1.1" 200 240
[03/Aug/2026 23:20:13] "GET /api/dashboard/activity/ HTTP/1.1" 200 2
[03/Aug/2026 23:20:13] "GET /api/dashboard/traffic/?range=7d HTTP/1.1" 200 2
[03/Aug/2026 23:20:13] "GET /api/domains/ HTTP/1.1" 200 52
[03/Aug/2026 23:20:13] "GET /api/dashboard/stats/ HTTP/1.1" 200 231
[03/Aug/2026 23:20:17] "GET /api/auth/me/ HTTP/1.1" 200 61
[03/Aug/2026 23:20:17] "GET /api/workspace/ HTTP/1.1" 200 240
[03/Aug/2026 23:20:18] "GET /api/domains/ HTTP/1.1" 200 52
[03/Aug/2026 23:20:18] "GET /api/dashboard/activity/ HTTP/1.1" 200 2
[03/Aug/2026 23:20:18] "GET /api/dashboard/traffic/?range=7d HTTP/1.1" 200 2
[03/Aug/2026 23:20:18] "GET /api/dashboard/stats/ HTTP/1.1" 200 231
[03/Aug/2026 23:21:33] "GET /api/auth/me/ HTTP/1.1" 200 61
[03/Aug/2026 23:21:33] "GET /api/workspace/ HTTP/1.1" 200 240
[03/Aug/2026 23:21:33] "GET /api/dashboard/traffic/?range=7d HTTP/1.1" 200 2
[03/Aug/2026 23:21:33] "GET /api/dashboard/activity/ HTTP/1.1" 200 2
[03/Aug/2026 23:21:33] "GET /api/domains/ HTTP/1.1" 200 52
[03/Aug/2026 23:21:33] "GET /api/dashboard/stats/ HTTP/1.1" 200 231
[03/Aug/2026 23:21:38] "GET /api/ip-rules/blocked/?search=&page=1 HTTP/1.1" 200 52
[03/Aug/2026 23:21:48] "GET /api/workspace/ HTTP/1.1" 200 240
[03/Aug/2026 23:21:48] "GET /api/auth/me/ HTTP/1.1" 200 61
[03/Aug/2026 23:21:52] "GET /api/domains/ HTTP/1.1" 200 52
[03/Aug/2026 23:21:52] "GET /api/dashboard/activity/ HTTP/1.1" 200 2
[03/Aug/2026 23:21:52] "GET /api/dashboard/traffic/?range=7d HTTP/1.1" 200 2
[03/Aug/2026 23:21:52] "GET /api/dashboard/stats/ HTTP/1.1" 200 231
[03/Aug/2026 23:21:54] "GET /api/domains/ HTTP/1.1" 200 52
[03/Aug/2026 23:21:55] "GET /api/links/?search=&page=1 HTTP/1.1" 200 52
[03/Aug/2026 23:21:58] "GET /api/ip-rules/ HTTP/1.1" 200 52
[03/Aug/2026 23:22:46] "GET /api/workspace/ HTTP/1.1" 200 240
